Archive member included to satisfy reference by file (symbol)

e:/studying/arm programming diploma online 2020/imt_arm_course/imt_arm_course/02- tools/03- imt sdk/imt_sdk_win_64/winarm/armgcc/bin/../lib/gcc/arm-none-eabi/7.2.1/../../../../arm-none-eabi/lib/thumb/v7-m\libg_nano.a(lib_a-errno.o)
                              ./system/src/newlib/_sbrk.o (__errno)
e:/studying/arm programming diploma online 2020/imt_arm_course/imt_arm_course/02- tools/03- imt sdk/imt_sdk_win_64/winarm/armgcc/bin/../lib/gcc/arm-none-eabi/7.2.1/../../../../arm-none-eabi/lib/thumb/v7-m\libg_nano.a(lib_a-impure.o)
                              e:/studying/arm programming diploma online 2020/imt_arm_course/imt_arm_course/02- tools/03- imt sdk/imt_sdk_win_64/winarm/armgcc/bin/../lib/gcc/arm-none-eabi/7.2.1/../../../../arm-none-eabi/lib/thumb/v7-m\libg_nano.a(lib_a-errno.o) (_impure_ptr)

Allocating common symbols
Common symbol       size              file

errno               0x4               ./system/src/newlib/_syscalls.o
MSTK_u8ModeOfInterval
                    0x1               ./src/STK_program.o
MSTK_Callback       0x4               ./src/STK_program.o

Discarded input sections

 .group         0x00000000        0xc ./system/src/stm32f1-stdperiph/misc.o
 .group         0x00000000        0xc ./system/src/stm32f1-stdperiph/misc.o
 .group         0x00000000        0xc ./system/src/stm32f1-stdperiph/misc.o
 .group         0x00000000        0xc ./system/src/stm32f1-stdperiph/misc.o
 .group         0x00000000        0xc ./system/src/stm32f1-stdperiph/misc.o
 .group         0x00000000        0xc ./system/src/stm32f1-stdperiph/misc.o
 .group         0x00000000        0xc ./system/src/stm32f1-stdperiph/misc.o
 .group         0x00000000        0xc ./system/src/stm32f1-stdperiph/misc.o
 .group         0x00000000        0xc ./system/src/stm32f1-stdperiph/misc.o
 .group         0x00000000        0xc ./system/src/stm32f1-stdperiph/misc.o
 .group         0x00000000        0xc ./system/src/stm32f1-stdperiph/misc.o
 .group         0x00000000        0xc ./system/src/stm32f1-stdperiph/misc.o
 .group         0x00000000        0xc ./system/src/stm32f1-stdperiph/misc.o
 .group         0x00000000        0xc ./system/src/stm32f1-stdperiph/misc.o
 .group         0x00000000        0xc ./system/src/stm32f1-stdperiph/misc.o
 .group         0x00000000        0xc ./system/src/stm32f1-stdperiph/misc.o
 .group         0x00000000        0xc ./system/src/stm32f1-stdperiph/misc.o
 .group         0x00000000        0xc ./system/src/stm32f1-stdperiph/misc.o
 .group         0x00000000        0xc ./system/src/stm32f1-stdperiph/misc.o
 .group         0x00000000        0xc ./system/src/stm32f1-stdperiph/misc.o
 .group         0x00000000        0xc ./system/src/stm32f1-stdperiph/misc.o
 .group         0x00000000        0xc ./system/src/stm32f1-stdperiph/misc.o
 .group         0x00000000        0xc ./system/src/stm32f1-stdperiph/misc.o
 .group         0x00000000        0xc ./system/src/stm32f1-stdperiph/misc.o
 .group         0x00000000        0xc ./system/src/stm32f1-stdperiph/misc.o
 .group         0x00000000        0xc ./system/src/stm32f1-stdperiph/misc.o
 .group         0x00000000        0xc ./system/src/stm32f1-stdperiph/misc.o
 .group         0x00000000        0xc ./system/src/stm32f1-stdperiph/misc.o
 .group         0x00000000        0xc ./system/src/stm32f1-stdperiph/misc.o
 .group         0x00000000        0xc ./system/src/stm32f1-stdperiph/misc.o
 .text          0x00000000        0x0 ./system/src/stm32f1-stdperiph/misc.o
 .data          0x00000000        0x0 ./system/src/stm32f1-stdperiph/misc.o
 .bss           0x00000000        0x0 ./system/src/stm32f1-stdperiph/misc.o
 .text.NVIC_PriorityGroupConfig
                0x00000000       0x40 ./system/src/stm32f1-stdperiph/misc.o
 .text.NVIC_Init
                0x00000000       0x98 ./system/src/stm32f1-stdperiph/misc.o
 .text.NVIC_SetVectorTable
                0x00000000       0x48 ./system/src/stm32f1-stdperiph/misc.o
 .text.NVIC_SystemLPConfig
                0x00000000       0x4c ./system/src/stm32f1-stdperiph/misc.o
 .text.SysTick_CLKSourceConfig
                0x00000000       0x3c ./system/src/stm32f1-stdperiph/misc.o
 .rodata.NVIC_PriorityGroupConfig.str1.4
                0x00000000       0x27 ./system/src/stm32f1-stdperiph/misc.o
 .debug_info    0x00000000      0x634 ./system/src/stm32f1-stdperiph/misc.o
 .debug_abbrev  0x00000000      0x194 ./system/src/stm32f1-stdperiph/misc.o
 .debug_loc     0x00000000      0x207 ./system/src/stm32f1-stdperiph/misc.o
 .debug_aranges
                0x00000000       0x40 ./system/src/stm32f1-stdperiph/misc.o
 .debug_ranges  0x00000000       0x30 ./system/src/stm32f1-stdperiph/misc.o
 .debug_macro   0x00000000      0x171 ./system/src/stm32f1-stdperiph/misc.o
 .debug_macro   0x00000000      0xa60 ./system/src/stm32f1-stdperiph/misc.o
 .debug_macro   0x00000000       0x50 ./system/src/stm32f1-stdperiph/misc.o
[...]
Memory Configuration

Name             Origin             Length             Attributes
RAM              0x20000000         0x00005000         xrw
CCMRAM           0x00000000         0x00000000         xrw
FLASH            0x08000000         0x00010000         xr
FLASHB1          0x00000000         0x00000000         xr
EXTMEMB0         0x00000000         0x00000000         xr
EXTMEMB1         0x00000000         0x00000000         xr
EXTMEMB2         0x00000000         0x00000000         xr
EXTMEMB3         0x00000000         0x00000000         xr
MEMORY_ARRAY     0x00000000         0x00000000         xrw
*default*        0x00000000         0xffffffff

Linker script and memory map

LOAD ./system/src/stm32f1-stdperiph/misc.o
LOAD ./system/src/stm32f1-stdperiph/stm32f10x_gpio.o
LOAD ./system/src/stm32f1-stdperiph/stm32f10x_rcc.o
LOAD ./system/src/newlib/_cxx.o
LOAD ./system/src/newlib/_exit.o
LOAD ./system/src/newlib/_sbrk.o
LOAD ./system/src/newlib/_startup.o
LOAD ./system/src/newlib/_syscalls.o
LOAD ./system/src/newlib/assert.o
LOAD ./system/src/diag/Trace.o
LOAD ./system/src/diag/trace_impl.o
LOAD ./system/src/cortexm/_initialize_hardware.o
LOAD ./system/src/cortexm/_reset_hardware.o
LOAD ./system/src/cortexm/exception_handlers.o
LOAD ./system/src/cmsis/system_stm32f10x.o
LOAD ./system/src/cmsis/vectors_stm32f10x.o
LOAD ./src/GPIO_program.o
LOAD ./src/OS_program.o
LOAD ./src/RCC_program.o
LOAD ./src/STK_program.o
LOAD ./src/main.o
LOAD e:/studying/arm programming diploma online 2020/imt_arm_course/imt_arm_course/02- tools/03- imt sdk/imt_sdk_win_64/winarm/armgcc/bin/../lib/gcc/arm-none-eabi/7.2.1/../../../../arm-none-eabi/lib/thumb/v7-m\libstdc++_nano.a
LOAD e:/studying/arm programming diploma online 2020/imt_arm_course/imt_arm_course/02- tools/03- imt sdk/imt_sdk_win_64/winarm/armgcc/bin/../lib/gcc/arm-none-eabi/7.2.1/../../../../arm-none-eabi/lib/thumb/v7-m\libm.a
START GROUP
LOAD e:/studying/arm programming diploma online 2020/imt_arm_course/imt_arm_course/02- tools/03- imt sdk/imt_sdk_win_64/winarm/armgcc/bin/../lib/gcc/arm-none-eabi/7.2.1/thumb/v7-m\libgcc.a
LOAD e:/studying/arm programming diploma online 2020/imt_arm_course/imt_arm_course/02- tools/03- imt sdk/imt_sdk_win_64/winarm/armgcc/bin/../lib/gcc/arm-none-eabi/7.2.1/../../../../arm-none-eabi/lib/thumb/v7-m\libg_nano.a
LOAD e:/studying/arm programming diploma online 2020/imt_arm_course/imt_arm_course/02- tools/03- imt sdk/imt_sdk_win_64/winarm/armgcc/bin/../lib/gcc/arm-none-eabi/7.2.1/../../../../arm-none-eabi/lib/thumb/v7-m\libc_nano.a
END GROUP
START GROUP
LOAD e:/studying/arm programming diploma online 2020/imt_arm_course/imt_arm_course/02- tools/03- imt sdk/imt_sdk_win_64/winarm/armgcc/bin/../lib/gcc/arm-none-eabi/7.2.1/thumb/v7-m\libgcc.a
LOAD e:/studying/arm programming diploma online 2020/imt_arm_course/imt_arm_course/02- tools/03- imt sdk/imt_sdk_win_64/winarm/armgcc/bin/../lib/gcc/arm-none-eabi/7.2.1/../../../../arm-none-eabi/lib/thumb/v7-m\libc_nano.a
END GROUP
                0x20005000                __stack = (ORIGIN (RAM) + LENGTH (RAM))
                0x20005000                _estack = __stack
                0x00000400                __Main_Stack_Size = 0x400
                [!provide]                PROVIDE (_Main_Stack_Size, __Main_Stack_Size)
                0x20004c00                __Main_Stack_Limit = (__stack - __Main_Stack_Size)
                [!provide]                PROVIDE (_Main_Stack_Limit, __Main_Stack_Limit)
                0x00000100                _Minimum_Stack_Size = 0x100
                0x20000060                PROVIDE (_Heap_Begin, _end_noinit)
                0x20004c00                PROVIDE (_Heap_Limit, (__stack - __Main_Stack_Size))

.isr_vector     0x08000000      0x294
 FILL mask 0xff
                0x08000000                __vectors_start = ABSOLUTE (.)
                0x08000000                __vectors_start__ = ABSOLUTE (.)
 *(.isr_vector)
 .isr_vector    0x08000000      0x10c ./system/src/cmsis/vectors_stm32f10x.o
                0x08000000                __isr_vectors
 *(.cfmconfig)
 *(.after_vectors .after_vectors.*)
 .after_vectors
                0x0800010c      0x114 ./system/src/newlib/_startup.o
                0x0800010c                _start
 .after_vectors
                0x08000220       0x70 ./system/src/cortexm/exception_handlers.o
                0x08000220                Reset_Handler
                0x08000226                NMI_Handler
                0x0800022a                HardFault_Handler
                0x0800023e                HardFault_Handler_C
                0x08000242                MemManage_Handler
                0x08000246                BusFault_Handler
                0x0800025a                BusFault_Handler_C
                0x0800025e                UsageFault_Handler
                0x08000272                UsageFault_Handler_C
                0x08000276                SVC_Handler
                0x0800027a                DebugMon_Handler
                0x0800027e                PendSV_Handler
 .after_vectors
                0x08000290        0x4 ./system/src/cmsis/vectors_stm32f10x.o
                0x08000290                EXTI2_IRQHandler
                0x08000290                TIM8_TRG_COM_IRQHandler
                0x08000290                TIM8_CC_IRQHandler
                0x08000290                TIM1_CC_IRQHandler
                0x08000290                TIM6_IRQHandler
                0x08000290                PVD_IRQHandler
                0x08000290                SDIO_IRQHandler
                0x08000290                CAN2_RX1_IRQHandler
                0x08000290                EXTI3_IRQHandler
                0x08000290                TIM8_TRG_COM_TIM14_IRQHandler
                0x08000290                TIM1_UP_TIM10_IRQHandler
                0x08000290                TIM8_UP_TIM13_IRQHandler
                0x08000290                EXTI0_IRQHandler
                0x08000290                I2C2_EV_IRQHandler
                0x08000290                CAN1_RX0_IRQHandler
                0x08000290                TIM1_UP_TIM16_IRQHandler
                0x08000290                CAN2_SCE_IRQHandler
                0x08000290                ADC1_2_IRQHandler
                0x08000290                SPI1_IRQHandler
                0x08000290                TAMPER_IRQHandler
                0x08000290                TIM6_DAC_IRQHandler
                0x08000290                TIM1_BRK_TIM9_IRQHandler
                0x08000290                CAN2_RX0_IRQHandler
                0x08000290                TIM8_UP_IRQHandler
                0x08000290                DMA2_Channel2_IRQHandler
                0x08000290                DMA1_Channel4_IRQHandler
                0x08000290                USART3_IRQHandler
                0x08000290                RTC_IRQHandler
                0x08000290                DMA1_Channel7_IRQHandler
                0x08000290                CAN1_RX1_IRQHandler
                0x08000290                UART5_IRQHandler
                0x08000290                ADC3_IRQHandler
                0x08000290                TIM4_IRQHandler
                0x08000290                DMA2_Channel1_IRQHandler
                0x08000290                I2C1_EV_IRQHandler
                0x08000290                DMA1_Channel6_IRQHandler
                0x08000290                UART4_IRQHandler
                0x08000290                DMA2_Channel4_IRQHandler
                0x08000290                TIM3_IRQHandler
                0x08000290                RCC_IRQHandler
                0x08000290                TIM8_BRK_TIM12_IRQHandler
                0x08000290                TIM1_TRG_COM_IRQHandler
                0x08000290                DMA1_Channel1_IRQHandler
                0x08000290                Default_Handler
                0x08000290                CEC_IRQHandler
                0x08000290                EXTI15_10_IRQHandler
                0x08000290                TIM14_IRQHandler
                0x08000290                TIM13_IRQHandler
                0x08000290                TIM12_IRQHandler
                0x08000290                TIM7_IRQHandler
                0x08000290                CAN2_TX_IRQHandler
                0x08000290                TIM5_IRQHandler
                0x08000290                EXTI9_5_IRQHandler
                0x08000290                ETH_WKUP_IRQHandler
                0x08000290                SPI2_IRQHandler
                0x08000290                CAN1_TX_IRQHandler
                0x08000290                DMA2_Channel5_IRQHandler
                0x08000290                DMA1_Channel5_IRQHandler
                0x08000290                EXTI4_IRQHandler
                0x08000290                USB_LP_CAN1_RX0_IRQHandler
                0x08000290                TIM1_TRG_COM_TIM17_IRQHandler
                0x08000290                USB_HP_CAN1_TX_IRQHandler
                0x08000290                DMA1_Channel3_IRQHandler
                0x08000290                FSMC_IRQHandler
                0x08000290                ETH_IRQHandler
                0x08000290                TIM1_UP_IRQHandler
                0x08000290                WWDG_IRQHandler
                0x08000290                TIM2_IRQHandler
                0x08000290                OTG_FS_WKUP_IRQHandler
                0x08000290                TIM1_TRG_COM_TIM11_IRQHandler
                0x08000290                TIM1_BRK_IRQHandler
                0x08000290                EXTI1_IRQHandler
                0x08000290                RTCAlarm_IRQHandler
                0x08000290                DMA2_Channel4_5_IRQHandler
                0x08000290                USART2_IRQHandler
                0x08000290                I2C2_ER_IRQHandler
                0x08000290                DMA1_Channel2_IRQHandler
                0x08000290                TIM8_BRK_IRQHandler
                0x08000290                CAN1_SCE_IRQHandler
                0x08000290                FLASH_IRQHandler
                0x08000290                USART1_IRQHandler
                0x08000290                OTG_FS_IRQHandler
                0x08000290                SPI3_IRQHandler
                0x08000290                I2C1_ER_IRQHandler
                0x08000290                USBWakeUp_IRQHandler
                0x08000290                DMA2_Channel3_IRQHandler
                0x08000290                TIM1_BRK_TIM15_IRQHandler

.inits          0x08000294       0x28
                0x08000294                __data_regions_array_start = .
                0x08000294        0x4 LONG 0x8000818 LOADADDR (.data)
                0x08000298        0x4 LONG 0x20000000 ADDR (.data)
                0x0800029c        0x4 LONG 0x20000024 (ADDR (.data) + SIZEOF (.data))
                0x080002a0        0x4 LONG 0x8000818 LOADADDR (.data_CCMRAM)
                0x080002a4        0x4 LONG 0x0 ADDR (.data_CCMRAM)
                0x080002a8        0x4 LONG 0x0 (ADDR (.data_CCMRAM) + SIZEOF (.data_CCMRAM))
                0x080002ac                __data_regions_array_end = .
                0x080002ac                __bss_regions_array_start = .
                0x080002ac        0x4 LONG 0x20000024 ADDR (.bss)
                0x080002b0        0x4 LONG 0x20000060 (ADDR (.bss) + SIZEOF (.bss))
                0x080002b4        0x4 LONG 0x0 ADDR (.bss_CCMRAM)
                0x080002b8        0x4 LONG 0x0 (ADDR (.bss_CCMRAM) + SIZEOF (.bss_CCMRAM))
                0x080002bc                __bss_regions_array_end = .
 *(.init)
 *(.fini)
                0x080002bc                . = ALIGN (0x4)
                0x080002bc                PROVIDE (__preinit_array_start, .)
 *(.preinit_array_sysinit .preinit_array_sysinit.*)
 *(.preinit_array_platform .preinit_array_platform.*)
 *(.preinit_array .preinit_array.*)
                0x080002bc                PROVIDE (__preinit_array_end, .)
                0x080002bc                . = ALIGN (0x4)
                0x080002bc                PROVIDE (__init_array_start, .)
 *(SORT_BY_NAME(.init_array.*))
 *(.init_array)
                0x080002bc                PROVIDE (__init_array_end, .)
                0x080002bc                . = ALIGN (0x4)
                0x080002bc                PROVIDE (__fini_array_start, .)
 *(SORT_BY_NAME(.fini_array.*))
 *(.fini_array)
                0x080002bc                PROVIDE (__fini_array_end, .)

.flashtext
 *(.flashtext .flashtext.*)

.text           0x080002bc      0x55c
 *(.text .text.*)
 .text._exit    0x080002bc        0x2 ./system/src/newlib/_exit.o
                0x080002bc                _exit
 *fill*         0x080002be        0x2 
 .text.__initialize_args
                0x080002c0       0x10 ./system/src/newlib/_syscalls.o
                0x080002c0                __initialize_args
 .text.__initialize_hardware_early
                0x080002d0       0x18 ./system/src/cortexm/_initialize_hardware.o
                0x080002d0                __initialize_hardware_early
 .text.__initialize_hardware
                0x080002e8        0x8 ./system/src/cortexm/_initialize_hardware.o
                0x080002e8                __initialize_hardware
 .text.SetSysClockTo72
                0x080002f0       0xc4 ./system/src/cmsis/system_stm32f10x.o
 .text.SetSysClock
                0x080003b4        0x8 ./system/src/cmsis/system_stm32f10x.o
 .text.SystemInit
                0x080003bc       0x50 ./system/src/cmsis/system_stm32f10x.o
                0x080003bc                SystemInit
 .text.SystemCoreClockUpdate
                0x0800040c       0x94 ./system/src/cmsis/system_stm32f10x.o
                0x0800040c                SystemCoreClockUpdate
 .text.MGPIO_voidSetPinDirection
                0x080004a0       0xe4 ./src/GPIO_program.o
                0x080004a0                MGPIO_voidSetPinDirection
 .text.MGPIO_voidSetPinValue
                0x08000584       0x74 ./src/GPIO_program.o
                0x08000584                MGPIO_voidSetPinValue
 .text.Scheduler
                0x080005f8       0x68 ./src/OS_program.o
 .text.SOS_voidCreateTask
                0x08000660       0x20 ./src/OS_program.o
                0x08000660                SOS_voidCreateTask
 .text.SOS_voidStart
                0x08000680       0x18 ./src/OS_program.o
                0x08000680                SOS_voidStart
 .text.MRCC_voidInitSysClock
                0x08000698       0x20 ./src/RCC_program.o
                0x08000698                MRCC_voidInitSysClock
 .text.MRCC_voidEnableClock
                0x080006b8       0x44 ./src/RCC_program.o
                0x080006b8                MRCC_voidEnableClock
 .text.SysTick_Handler
                0x080006fc       0x24 ./src/STK_program.o
                0x080006fc                SysTick_Handler
 .text.MSTK_voidInit
                0x08000720        0xc ./src/STK_program.o
                0x08000720                MSTK_voidInit
 .text.MSTK_voidSetIntervalPeriodic
                0x0800072c       0x2c ./src/STK_program.o
                0x0800072c                MSTK_voidSetIntervalPeriodic
 .text.LED1     0x08000758       0x1c ./src/main.o
                0x08000758                LED1
 .text.LED2     0x08000774       0x1c ./src/main.o
                0x08000774                LED2
 .text.LED3     0x08000790       0x1c ./src/main.o
                0x08000790                LED3
 .text.main     0x080007ac       0x6c ./src/main.o
                0x080007ac                main
 *(.rodata .rodata.* .constdata .constdata.*)
 *(vtable)
 *(.eh_frame*)
 *(.glue_7)
 .glue_7        0x08000818        0x0 linker stubs
 *(.glue_7t)
 .glue_7t       0x08000818        0x0 linker stubs

.vfp11_veneer   0x08000818        0x0
 .vfp11_veneer  0x08000818        0x0 linker stubs

.v4_bx          0x08000818        0x0
 .v4_bx         0x08000818        0x0 linker stubs

.iplt           0x08000818        0x0
 .iplt          0x08000818        0x0 ./system/src/newlib/_exit.o

.rel.dyn        0x08000818        0x0
 .rel.iplt      0x08000818        0x0 ./system/src/newlib/_exit.o

.ARM.extab
 *(.ARM.extab* .gnu.linkonce.armextab.*)
                0x08000818                . = ALIGN (0x4)
                0x08000818                __exidx_start = .

.ARM.exidx
 *(.ARM.exidx* .gnu.linkonce.armexidx.*)
                0x08000818                __exidx_end = .
                0x08000818                . = ALIGN (0x4)
                0x08000818                _etext = .
                0x08000818                __etext = .

.data_CCMRAM    0x00000000        0x0 load address 0x08000818
 FILL mask 0xff
 *(.data.CCMRAM .data.CCMRAM.*)
                0x00000000                . = ALIGN (0x4)
                0x08000818                _sidata = LOADADDR (.data)

.data           0x20000000       0x24 load address 0x08000818
 FILL mask 0xff
                0x20000000                _sdata = .
                0x20000000                __data_start__ = .
 *(.data_begin .data_begin.*)
 .data_begin    0x20000000        0x4 ./system/src/newlib/_startup.o
 *(.data .data.*)
 .data.argv.4310
                0x20000004        0x8 ./system/src/newlib/_syscalls.o
 .data.AHBPrescTable
                0x2000000c       0x10 ./system/src/cmsis/system_stm32f10x.o
                0x2000000c                AHBPrescTable
 .data.SystemCoreClock
                0x2000001c        0x4 ./system/src/cmsis/system_stm32f10x.o
                0x2000001c                SystemCoreClock
 *(.data_end .data_end.*)
 .data_end      0x20000020        0x4 ./system/src/newlib/_startup.o
                0x20000024                . = ALIGN (0x4)
                0x20000024                _edata = .
                0x20000024                __data_end__ = .

.igot.plt       0x20000024        0x0 load address 0x0800083c
 .igot.plt      0x20000024        0x0 ./system/src/newlib/_exit.o

.bss_CCMRAM     0x00000000        0x0
 *(.bss.CCMRAM .bss.CCMRAM.*)

.bss            0x20000024       0x3c
                0x20000024                __bss_start__ = .
                0x20000024                _sbss = .
 *(.bss_begin .bss_begin.*)
 .bss_begin     0x20000024        0x4 ./system/src/newlib/_startup.o
 *(.bss .bss.*)
 .bss.name.4309
                0x20000028        0x1 ./system/src/newlib/_syscalls.o
 *fill*         0x20000029        0x3 
 .bss.OS_Tasks  0x2000002c       0x24 ./src/OS_program.o
 .bss.Local_u8LED.3693
                0x20000050        0x1 ./src/main.o
 .bss.Local_u8LED.3697
                0x20000051        0x1 ./src/main.o
 .bss.Local_u8LED.3701
                0x20000052        0x1 ./src/main.o
 *(COMMON)
 *fill*         0x20000053        0x1 
 COMMON         0x20000054        0x8 ./src/STK_program.o
                0x20000054                MSTK_u8ModeOfInterval
                0x20000058                MSTK_Callback
 *(.bss_end .bss_end.*)
 .bss_end       0x2000005c        0x4 ./system/src/newlib/_startup.o
                0x20000060                . = ALIGN (0x4)
                0x20000060                __bss_end__ = .
                0x20000060                _ebss = .

.noinit_CCMRAM
 *(.noinit.CCMRAM .noinit.CCMRAM.*)

.noinit         0x20000060        0x0
                0x20000060                _noinit = .
 *(.noinit .noinit.*)
                0x20000060                . = ALIGN (0x4)
                0x20000060                _end_noinit = .
                [!provide]                PROVIDE (end, _end_noinit)
                [!provide]                PROVIDE (_end, _end_noinit)
                [!provide]                PROVIDE (__end, _end_noinit)
                [!provide]                PROVIDE (__end__, _end_noinit)

._check_stack   0x20000060      0x100
                0x20000160                . = (. + _Minimum_Stack_Size)
 *fill*         0x20000060      0x100 

.b1text
 *(.b1text)
 *(.b1rodata)
 *(.b1rodata.*)

.eb0text
 *(.eb0text)
 *(.eb0rodata)
 *(.eb0rodata.*)

.eb1text
 *(.eb1text)
 *(.eb1rodata)
 *(.eb1rodata.*)

.eb2text
 *(.eb2text)
 *(.eb2rodata)
 *(.eb2rodata.*)

.eb3text
 *(.eb3text)
 *(.eb3rodata)
 *(.eb3rodata.*)

.stab
 *(.stab)

.stabstr
 *(.stabstr)

.stab.excl
 *(.stab.excl)

.stab.exclstr
 *(.stab.exclstr)

.stab.index
 *(.stab.index)

.stab.indexstr
 *(.stab.indexstr)

.comment        0x00000000       0x7e
 *(.comment)
 .comment       0x00000000       0x7e ./system/src/newlib/_exit.o
                                 0x7f (size before relaxing)
 .comment       0x0000007e       0x7f ./system/src/newlib/_startup.o
 .comment       0x0000007e       0x7f ./system/src/newlib/_syscalls.o
 .comment       0x0000007e       0x7f ./system/src/cortexm/_initialize_hardware.o
 .comment       0x0000007e       0x7f ./system/src/cortexm/exception_handlers.o
 .comment       0x0000007e       0x7f ./system/src/cmsis/system_stm32f10x.o
 .comment       0x0000007e       0x7f ./system/src/cmsis/vectors_stm32f10x.o
 .comment       0x0000007e       0x7f ./src/GPIO_program.o
 .comment       0x0000007e       0x7f ./src/OS_program.o
 .comment       0x0000007e       0x7f ./src/RCC_program.o
 .comment       0x0000007e       0x7f ./src/STK_program.o
 .comment       0x0000007e       0x7f ./src/main.o

.ARM.attributes
                0x00000000       0x33
 .ARM.attributes
                0x00000000       0x33 ./system/src/newlib/_exit.o
 .ARM.attributes
                0x00000033       0x33 ./system/src/newlib/_startup.o
 .ARM.attributes
                0x00000066       0x33 ./system/src/newlib/_syscalls.o
 .ARM.attributes
                0x00000099       0x33 ./system/src/cortexm/_initialize_hardware.o
 .ARM.attributes
                0x000000cc       0x33 ./system/src/cortexm/exception_handlers.o
 .ARM.attributes
                0x000000ff       0x33 ./system/src/cmsis/system_stm32f10x.o
 .ARM.attributes
                0x00000132       0x33 ./system/src/cmsis/vectors_stm32f10x.o
 .ARM.attributes
                0x00000165       0x33 ./src/GPIO_program.o
 .ARM.attributes
                0x00000198       0x33 ./src/OS_program.o
 .ARM.attributes
                0x000001cb       0x33 ./src/RCC_program.o
 .ARM.attributes
                0x000001fe       0x33 ./src/STK_program.o
 .ARM.attributes
                0x00000231       0x33 ./src/main.o

.debug
 *(.debug)

.line
 *(.line)

.debug_srcinfo
 *(.debug_srcinfo)

.debug_sfnames
 *(.debug_sfnames)

.debug_aranges  0x00000000      0x2f0
 *(.debug_aranges)
 .debug_aranges
                0x00000000       0x28 ./system/src/newlib/_exit.o
 .debug_aranges
                0x00000028       0x40 ./system/src/newlib/_startup.o
 .debug_aranges
                0x00000068       0x30 ./system/src/newlib/_syscalls.o
 .debug_aranges
                0x00000098       0x28 ./system/src/cortexm/_initialize_hardware.o
 .debug_aranges
                0x000000c0       0x80 ./system/src/cortexm/exception_handlers.o
 .debug_aranges
                0x00000140       0x38 ./system/src/cmsis/system_stm32f10x.o
 .debug_aranges
                0x00000178       0x20 ./system/src/cmsis/vectors_stm32f10x.o
 .debug_aranges
                0x00000198       0x48 ./src/GPIO_program.o
 .debug_aranges
                0x000001e0       0x48 ./src/OS_program.o
 .debug_aranges
                0x00000228       0x38 ./src/RCC_program.o
 .debug_aranges
                0x00000260       0x58 ./src/STK_program.o
 .debug_aranges
                0x000002b8       0x38 ./src/main.o

.debug_pubnames
 *(.debug_pubnames)

.debug_info     0x00000000     0x3507
 *(.debug_info .gnu.linkonce.wi.*)
 .debug_info    0x00000000      0x94a ./system/src/newlib/_exit.o
 .debug_info    0x0000094a      0x42e ./system/src/newlib/_startup.o
 .debug_info    0x00000d78      0xa19 ./system/src/newlib/_syscalls.o
 .debug_info    0x00001791      0x2b5 ./system/src/cortexm/_initialize_hardware.o
 .debug_info    0x00001a46      0xae8 ./system/src/cortexm/exception_handlers.o
 .debug_info    0x0000252e      0x494 ./system/src/cmsis/system_stm32f10x.o
 .debug_info    0x000029c2       0xca ./system/src/cmsis/vectors_stm32f10x.o
 .debug_info    0x00002a8c      0x2e8 ./src/GPIO_program.o
 .debug_info    0x00002d74      0x211 ./src/OS_program.o
 .debug_info    0x00002f85      0x16e ./src/RCC_program.o
 .debug_info    0x000030f3      0x1b5 ./src/STK_program.o
 .debug_info    0x000032a8      0x25f ./src/main.o

.debug_abbrev   0x00000000      0xf8b
 *(.debug_abbrev)
 .debug_abbrev  0x00000000      0x1f5 ./system/src/newlib/_exit.o
 .debug_abbrev  0x000001f5      0x1b3 ./system/src/newlib/_startup.o
 .debug_abbrev  0x000003a8      0x234 ./system/src/newlib/_syscalls.o
 .debug_abbrev  0x000005dc       0xea ./system/src/cortexm/_initialize_hardware.o
 .debug_abbrev  0x000006c6      0x23a ./system/src/cortexm/exception_handlers.o
 .debug_abbrev  0x00000900      0x177 ./system/src/cmsis/system_stm32f10x.o
 .debug_abbrev  0x00000a77       0x9d ./system/src/cmsis/vectors_stm32f10x.o
 .debug_abbrev  0x00000b14       0xe9 ./src/GPIO_program.o
 .debug_abbrev  0x00000bfd      0x12b ./src/OS_program.o
 .debug_abbrev  0x00000d28       0xaf ./src/RCC_program.o
 .debug_abbrev  0x00000dd7      0x11c ./src/STK_program.o
 .debug_abbrev  0x00000ef3       0x98 ./src/main.o

.debug_line     0x00000000     0x258e
 *(.debug_line)
 .debug_line    0x00000000      0x47a ./system/src/newlib/_exit.o
 .debug_line    0x0000047a      0x4e9 ./system/src/newlib/_startup.o
 .debug_line    0x00000963      0x590 ./system/src/newlib/_syscalls.o
 .debug_line    0x00000ef3      0x3bf ./system/src/cortexm/_initialize_hardware.o
 .debug_line    0x000012b2      0x7bf ./system/src/cortexm/exception_handlers.o
 .debug_line    0x00001a71      0x432 ./system/src/cmsis/system_stm32f10x.o
 .debug_line    0x00001ea3      0x14b ./system/src/cmsis/vectors_stm32f10x.o
 .debug_line    0x00001fee      0x16b ./src/GPIO_program.o
 .debug_line    0x00002159      0x12d ./src/OS_program.o
 .debug_line    0x00002286       0xe4 ./src/RCC_program.o
 .debug_line    0x0000236a      0x134 ./src/STK_program.o
 .debug_line    0x0000249e       0xf0 ./src/main.o

.debug_frame    0x00000000      0x53c
 *(.debug_frame)
 .debug_frame   0x00000000       0x38 ./system/src/newlib/_exit.o
 .debug_frame   0x00000038       0x7c ./system/src/newlib/_startup.o
 .debug_frame   0x000000b4       0x50 ./system/src/newlib/_syscalls.o
 .debug_frame   0x00000104       0x40 ./system/src/cortexm/_initialize_hardware.o
 .debug_frame   0x00000144       0xe8 ./system/src/cortexm/exception_handlers.o
 .debug_frame   0x0000022c       0x6c ./system/src/cmsis/system_stm32f10x.o
 .debug_frame   0x00000298       0x20 ./system/src/cmsis/vectors_stm32f10x.o
 .debug_frame   0x000002b8       0x84 ./src/GPIO_program.o
 .debug_frame   0x0000033c       0x9c ./src/OS_program.o
 .debug_frame   0x000003d8       0x50 ./src/RCC_program.o
 .debug_frame   0x00000428       0xa4 ./src/STK_program.o
 .debug_frame   0x000004cc       0x70 ./src/main.o

.debug_str      0x00000000    0x55e03
 *(.debug_str)
 .debug_str     0x00000000     0x7d0a ./system/src/newlib/_exit.o
                               0x7ece (size before relaxing)
 .debug_str     0x00007d0a      0xbbd ./system/src/newlib/_startup.o
                               0x69bb (size before relaxing)
 .debug_str     0x000088c7     0x1311 ./system/src/newlib/_syscalls.o
                               0x815b (size before relaxing)
 .debug_str     0x00009bd8    0x4b01b ./system/src/cortexm/_initialize_hardware.o
                              0x4e81d (size before relaxing)
 .debug_str     0x00054bf3      0x1db ./system/src/cortexm/exception_handlers.o
                              0x53932 (size before relaxing)
 .debug_str     0x00054dce      0x11d ./system/src/cmsis/system_stm32f10x.o
                              0x4e8b7 (size before relaxing)
 .debug_str     0x00054eeb       0x57 ./system/src/cmsis/vectors_stm32f10x.o
                               0x385c (size before relaxing)
 .debug_str     0x00054f42      0x499 ./src/GPIO_program.o
                               0x31d4 (size before relaxing)
 .debug_str     0x000553db      0x185 ./src/OS_program.o
                               0x2f9d (size before relaxing)
 .debug_str     0x00055560      0x6df ./src/RCC_program.o
                               0x34fb (size before relaxing)
 .debug_str     0x00055c3f      0x19b ./src/STK_program.o
                               0x2fd9 (size before relaxing)
 .debug_str     0x00055dda       0x29 ./src/main.o
                               0x3474 (size before relaxing)

.debug_loc      0x00000000      0x943
 *(.debug_loc)
 .debug_loc     0x00000000      0x1a9 ./system/src/newlib/_startup.o
 .debug_loc     0x000001a9       0x63 ./system/src/newlib/_syscalls.o
 .debug_loc     0x0000020c       0xdf ./system/src/cmsis/system_stm32f10x.o
 .debug_loc     0x000002eb      0x3ae ./src/GPIO_program.o
 .debug_loc     0x00000699       0xe5 ./src/OS_program.o
 .debug_loc     0x0000077e      0x14c ./src/RCC_program.o
 .debug_loc     0x000008ca       0x79 ./src/STK_program.o

.debug_macinfo
 *(.debug_macinfo)

.debug_weaknames
 *(.debug_weaknames)

.debug_funcnames
 *(.debug_funcnames)

.debug_typenames
 *(.debug_typenames)

.debug_varnames
 *(.debug_varnames)
OUTPUT(Hello_OS.elf elf32-littlearm)

.debug_ranges   0x00000000      0x278
 .debug_ranges  0x00000000       0x18 ./system/src/newlib/_exit.o
 .debug_ranges  0x00000018       0x78 ./system/src/newlib/_startup.o
 .debug_ranges  0x00000090       0x20 ./system/src/newlib/_syscalls.o
 .debug_ranges  0x000000b0       0x18 ./system/src/cortexm/_initialize_hardware.o
 .debug_ranges  0x000000c8       0x70 ./system/src/cortexm/exception_handlers.o
 .debug_ranges  0x00000138       0x28 ./system/src/cmsis/system_stm32f10x.o
 .debug_ranges  0x00000160       0x10 ./system/src/cmsis/vectors_stm32f10x.o
 .debug_ranges  0x00000170       0x38 ./src/GPIO_program.o
 .debug_ranges  0x000001a8       0x38 ./src/OS_program.o
 .debug_ranges  0x000001e0       0x28 ./src/RCC_program.o
 .debug_ranges  0x00000208       0x48 ./src/STK_program.o
 .debug_ranges  0x00000250       0x28 ./src/main.o

.debug_macro    0x00000000     0x1d72
 .debug_macro   0x00000000      0x1b4 ./system/src/newlib/_exit.o
 .debug_macro   0x000001b4       0x9c ./system/src/newlib/_exit.o
 .debug_macro   0x00000250      0x10e ./system/src/newlib/_exit.o
 .debug_macro   0x0000035e       0x8d ./system/src/newlib/_exit.o
 .debug_macro   0x000003eb       0x43 ./system/src/newlib/_exit.o
 .debug_macro   0x0000042e      0x330 ./system/src/newlib/_exit.o
 .debug_macro   0x0000075e       0x35 ./system/src/newlib/_exit.o
 .debug_macro   0x00000793      0x173 ./system/src/newlib/_startup.o
 .debug_macro   0x00000906      0x217 ./system/src/newlib/_syscalls.o
 .debug_macro   0x00000b1d       0x1c ./system/src/newlib/_syscalls.o
 .debug_macro   0x00000b39       0x10 ./system/src/newlib/_syscalls.o
 .debug_macro   0x00000b49       0x10 ./system/src/newlib/_syscalls.o
 .debug_macro   0x00000b59       0x10 ./system/src/newlib/_syscalls.o
 .debug_macro   0x00000b69       0x35 ./system/src/newlib/_syscalls.o
 .debug_macro   0x00000b9e      0x122 ./system/src/newlib/_syscalls.o
 .debug_macro   0x00000cc0       0x88 ./system/src/newlib/_syscalls.o
 .debug_macro   0x00000d48       0x2b ./system/src/newlib/_syscalls.o
 .debug_macro   0x00000d73      0x118 ./system/src/newlib/_syscalls.o
 .debug_macro   0x00000e8b      0x189 ./system/src/newlib/_syscalls.o
 .debug_macro   0x00001014       0x16 ./system/src/newlib/_syscalls.o
 .debug_macro   0x0000102a      0x16b ./system/src/cortexm/_initialize_hardware.o
 .debug_macro   0x00001195      0x324 ./system/src/cortexm/exception_handlers.o
 .debug_macro   0x000014b9       0x3b ./system/src/cortexm/exception_handlers.o
 .debug_macro   0x000014f4       0x22 ./system/src/cortexm/exception_handlers.o
 .debug_macro   0x00001516       0x10 ./system/src/cortexm/exception_handlers.o
 .debug_macro   0x00001526       0xcf ./system/src/cortexm/exception_handlers.o
 .debug_macro   0x000015f5       0xbe ./system/src/cortexm/exception_handlers.o
 .debug_macro   0x000016b3       0x10 ./system/src/cortexm/exception_handlers.o
 .debug_macro   0x000016c3      0x16e ./system/src/cmsis/system_stm32f10x.o
 .debug_macro   0x00001831       0x34 ./system/src/cmsis/vectors_stm32f10x.o
 .debug_macro   0x00001865       0x40 ./src/GPIO_program.o
 .debug_macro   0x000018a5       0x22 ./src/GPIO_program.o
 .debug_macro   0x000018c7       0xe2 ./src/GPIO_program.o
 .debug_macro   0x000019a9       0x1c ./src/GPIO_program.o
 .debug_macro   0x000019c5       0x49 ./src/OS_program.o
 .debug_macro   0x00001a0e       0x22 ./src/OS_program.o
 .debug_macro   0x00001a30       0x10 ./src/OS_program.o
 .debug_macro   0x00001a40       0x10 ./src/OS_program.o
 .debug_macro   0x00001a50       0x3f ./src/RCC_program.o
 .debug_macro   0x00001a8f      0x124 ./src/RCC_program.o
 .debug_macro   0x00001bb3       0xca ./src/RCC_program.o
 .debug_macro   0x00001c7d       0x1c ./src/RCC_program.o
 .debug_macro   0x00001c99       0x40 ./src/STK_program.o
 .debug_macro   0x00001cd9       0x40 ./src/STK_program.o
 .debug_macro   0x00001d19       0x10 ./src/STK_program.o
 .debug_macro   0x00001d29       0x49 ./src/main.o
